
Merging program properties

Removed property 0xc0000002 to merge /usr/lib/gcc/x86_64-redhat-linux/13/../../../../lib64/crt1.o (0x3) and list_template.o (not found)
Removed property 0xc0000002 to merge /usr/lib/gcc/x86_64-redhat-linux/13/../../../../lib64/crt1.o (not found) and /usr/lib/gcc/x86_64-redhat-linux/13/crtend.o (0x3)
Removed property 0xc0000002 to merge /usr/lib/gcc/x86_64-redhat-linux/13/../../../../lib64/crt1.o (not found) and /usr/lib/gcc/x86_64-redhat-linux/13/../../../../lib64/crtn.o (0x3)

Discarded input sections

 .note.GNU-stack
                0x0000000000000000        0x0 /usr/lib/gcc/x86_64-redhat-linux/13/../../../../lib64/crt1.o
 .note.gnu.property
                0x0000000000000000       0x50 /usr/lib/gcc/x86_64-redhat-linux/13/../../../../lib64/crti.o
 .note.GNU-stack
                0x0000000000000000        0x0 /usr/lib/gcc/x86_64-redhat-linux/13/../../../../lib64/crti.o
 .note.GNU-stack
                0x0000000000000000        0x0 /usr/lib/gcc/x86_64-redhat-linux/13/crtbegin.o
 .note.gnu.property
                0x0000000000000000       0x50 /usr/lib/gcc/x86_64-redhat-linux/13/crtbegin.o
 .group         0x0000000000000000        0xc list_template.o
 .group         0x0000000000000000        0x8 list_template.o
 .group         0x0000000000000000        0x8 list_template.o
 .note.GNU-stack
                0x0000000000000000        0x0 list_template.o
 .note.gnu.property
                0x0000000000000000       0x30 list_template.o
 .note.GNU-stack
                0x0000000000000000        0x0 /usr/lib/gcc/x86_64-redhat-linux/13/crtend.o
 .note.gnu.property
                0x0000000000000000       0x50 /usr/lib/gcc/x86_64-redhat-linux/13/crtend.o
 .note.gnu.property
                0x0000000000000000       0x50 /usr/lib/gcc/x86_64-redhat-linux/13/../../../../lib64/crtn.o
 .note.GNU-stack
                0x0000000000000000        0x0 /usr/lib/gcc/x86_64-redhat-linux/13/../../../../lib64/crtn.o

Memory Configuration

Name             Origin             Length             Attributes
*default*        0x0000000000000000 0xffffffffffffffff

Linker script and memory map

LOAD /usr/lib/gcc/x86_64-redhat-linux/13/../../../../lib64/crt1.o
LOAD /usr/lib/gcc/x86_64-redhat-linux/13/../../../../lib64/crti.o
LOAD /usr/lib/gcc/x86_64-redhat-linux/13/crtbegin.o
LOAD list_template.o
LOAD /usr/lib/gcc/x86_64-redhat-linux/13/libstdc++.so
LOAD /usr/lib/gcc/x86_64-redhat-linux/13/../../../../lib64/libm.so
START GROUP
LOAD /lib64/libm.so.6
LOAD /lib64/libmvec.so.1
END GROUP
LOAD /usr/lib/gcc/x86_64-redhat-linux/13/libgcc_s.so
START GROUP
LOAD /lib64/libgcc_s.so.1
LOAD /usr/lib/gcc/x86_64-redhat-linux/13/libgcc.a
END GROUP
LOAD /usr/lib/gcc/x86_64-redhat-linux/13/libgcc.a
LOAD /usr/lib/gcc/x86_64-redhat-linux/13/../../../../lib64/libc.so
START GROUP
LOAD /lib64/libc.so.6
LOAD /usr/lib64/libc_nonshared.a
LOAD /lib64/ld-linux-x86-64.so.2
END GROUP
LOAD /usr/lib/gcc/x86_64-redhat-linux/13/libgcc_s.so
START GROUP
LOAD /lib64/libgcc_s.so.1
LOAD /usr/lib/gcc/x86_64-redhat-linux/13/libgcc.a
END GROUP
LOAD /usr/lib/gcc/x86_64-redhat-linux/13/libgcc.a
LOAD /usr/lib/gcc/x86_64-redhat-linux/13/crtend.o
LOAD /usr/lib/gcc/x86_64-redhat-linux/13/../../../../lib64/crtn.o
                [!provide]                        PROVIDE (__executable_start = SEGMENT_START ("text-segment", 0x400000))
                0x0000000000400318                . = (SEGMENT_START ("text-segment", 0x400000) + SIZEOF_HEADERS)

.interp         0x0000000000400318       0x1c
 *(.interp)
 .interp        0x0000000000400318       0x1c /usr/lib/gcc/x86_64-redhat-linux/13/../../../../lib64/crt1.o

.note.gnu.property
                0x0000000000400338       0x40
 .note.gnu.property
                0x0000000000400338       0x40 /usr/lib/gcc/x86_64-redhat-linux/13/../../../../lib64/crt1.o

.note.gnu.build-id
                0x0000000000400378       0x24
 *(.note.gnu.build-id)
 .note.gnu.build-id
                0x0000000000400378       0x24 /usr/lib/gcc/x86_64-redhat-linux/13/../../../../lib64/crt1.o

.note.ABI-tag   0x000000000040039c       0x20
 .note.ABI-tag  0x000000000040039c       0x20 /usr/lib/gcc/x86_64-redhat-linux/13/../../../../lib64/crt1.o

.hash
 *(.hash)

.gnu.hash       0x00000000004003c0       0x1c
 *(.gnu.hash)
 .gnu.hash      0x00000000004003c0       0x1c /usr/lib/gcc/x86_64-redhat-linux/13/../../../../lib64/crt1.o

.dynsym         0x00000000004003e0       0x60
 *(.dynsym)
 .dynsym        0x00000000004003e0       0x60 /usr/lib/gcc/x86_64-redhat-linux/13/../../../../lib64/crt1.o

.dynstr         0x0000000000400440       0x70
 *(.dynstr)
 .dynstr        0x0000000000400440       0x70 /usr/lib/gcc/x86_64-redhat-linux/13/../../../../lib64/crt1.o

.gnu.version    0x00000000004004b0        0x8
 *(.gnu.version)
 .gnu.version   0x00000000004004b0        0x8 /usr/lib/gcc/x86_64-redhat-linux/13/../../../../lib64/crt1.o

.gnu.version_d  0x00000000004004b8        0x0
 *(.gnu.version_d)
 .gnu.version_d
                0x00000000004004b8        0x0 /usr/lib/gcc/x86_64-redhat-linux/13/../../../../lib64/crt1.o

.gnu.version_r  0x00000000004004b8       0x40
 *(.gnu.version_r)
 .gnu.version_r
                0x00000000004004b8       0x40 /usr/lib/gcc/x86_64-redhat-linux/13/../../../../lib64/crt1.o

.rela.dyn       0x00000000004004f8       0x30
 *(.rela.init)
 *(.rela.text .rela.text.* .rela.gnu.linkonce.t.*)
 .rela.text     0x00000000004004f8        0x0 /usr/lib/gcc/x86_64-redhat-linux/13/../../../../lib64/crt1.o
 *(.rela.fini)
 *(.rela.rodata .rela.rodata.* .rela.gnu.linkonce.r.*)
 *(.rela.data .rela.data.* .rela.gnu.linkonce.d.*)
 .rela.data.rel.ro
                0x00000000004004f8        0x0 /usr/lib/gcc/x86_64-redhat-linux/13/../../../../lib64/crt1.o
 *(.rela.tdata .rela.tdata.* .rela.gnu.linkonce.td.*)
 *(.rela.tbss .rela.tbss.* .rela.gnu.linkonce.tb.*)
 *(.rela.ctors)
 *(.rela.dtors)
 *(.rela.got)
 .rela.got      0x00000000004004f8       0x30 /usr/lib/gcc/x86_64-redhat-linux/13/../../../../lib64/crt1.o
 *(.rela.bss .rela.bss.* .rela.gnu.linkonce.b.*)
 .rela.bss      0x0000000000400528        0x0 /usr/lib/gcc/x86_64-redhat-linux/13/../../../../lib64/crt1.o
 *(.rela.ldata .rela.ldata.* .rela.gnu.linkonce.l.*)
 *(.rela.lbss .rela.lbss.* .rela.gnu.linkonce.lb.*)
 *(.rela.lrodata .rela.lrodata.* .rela.gnu.linkonce.lr.*)
 *(.rela.ifunc)

.rela.plt       0x0000000000400528       0x18
 *(.rela.plt)
 .rela.plt      0x0000000000400528       0x18 /usr/lib/gcc/x86_64-redhat-linux/13/../../../../lib64/crt1.o
                [!provide]                        PROVIDE (__rela_iplt_start = .)
 *(.rela.iplt)
 .rela.iplt     0x0000000000400540        0x0 /usr/lib/gcc/x86_64-redhat-linux/13/../../../../lib64/crt1.o
                [!provide]                        PROVIDE (__rela_iplt_end = .)

.relr.dyn
 *(.relr.dyn)
                0x0000000000401000                . = ALIGN (CONSTANT (MAXPAGESIZE))

.init           0x0000000000401000       0x1b
 *(SORT_NONE(.init))
 .init          0x0000000000401000       0x16 /usr/lib/gcc/x86_64-redhat-linux/13/../../../../lib64/crti.o
                0x0000000000401000                _init
 .init          0x0000000000401016        0x5 /usr/lib/gcc/x86_64-redhat-linux/13/../../../../lib64/crtn.o

.plt            0x0000000000401020       0x20
 *(.plt)
 .plt           0x0000000000401020       0x20 /usr/lib/gcc/x86_64-redhat-linux/13/../../../../lib64/crt1.o
                0x0000000000401030                operator new(unsigned long)@@GLIBCXX_3.4
 *(.iplt)
 .iplt          0x0000000000401040        0x0 /usr/lib/gcc/x86_64-redhat-linux/13/../../../../lib64/crt1.o

.plt.got        0x0000000000401040        0x0
 *(.plt.got)
 .plt.got       0x0000000000401040        0x0 /usr/lib/gcc/x86_64-redhat-linux/13/../../../../lib64/crt1.o

.plt.sec
 *(.plt.sec)

.text           0x0000000000401040      0x1db
 *(.text.unlikely .text.*_unlikely .text.unlikely.*)
 *(.text.exit .text.exit.*)
 *(.text.startup .text.startup.*)
 *(.text.hot .text.hot.*)
 *(SORT_BY_NAME(.text.sorted.*))
 *(.text .stub .text.* .gnu.linkonce.t.*)
 .text          0x0000000000401040       0x35 /usr/lib/gcc/x86_64-redhat-linux/13/../../../../lib64/crt1.o
                0x0000000000401040                _start
                0x0000000000401070                _dl_relocate_static_pie
 .text          0x0000000000401075        0x0 /usr/lib/gcc/x86_64-redhat-linux/13/../../../../lib64/crti.o
 *fill*         0x0000000000401075        0xb 
 .text          0x0000000000401080       0xa6 /usr/lib/gcc/x86_64-redhat-linux/13/crtbegin.o
 .text          0x0000000000401126       0x36 list_template.o
                0x0000000000401126                main
 .text._ZN4ListIiEC2ERKi
                0x000000000040115c       0x45 list_template.o
                0x000000000040115c                List<int>::List(int const&)
                0x000000000040115c                List<int>::List(int const&)
 *fill*         0x00000000004011a1        0x1 
 .text._ZN4ListIiE9print_allEv
                0x00000000004011a2       0x3e list_template.o
                0x00000000004011a2                List<int>::print_all()
 .text._ZN4ListIiE4LinkC2EPS1_S2_RKi
                0x00000000004011e0       0x3b list_template.o
                0x00000000004011e0                List<int>::Link::Link(List<int>::Link*, List<int>::Link*, int const&)
                0x00000000004011e0                List<int>::Link::Link(List<int>::Link*, List<int>::Link*, int const&)
 .text          0x000000000040121b        0x0 /usr/lib/gcc/x86_64-redhat-linux/13/crtend.o
 .text          0x000000000040121b        0x0 /usr/lib/gcc/x86_64-redhat-linux/13/../../../../lib64/crtn.o
 *(.gnu.warning)

.fini           0x000000000040121c        0xd
 *(SORT_NONE(.fini))
 .fini          0x000000000040121c        0x8 /usr/lib/gcc/x86_64-redhat-linux/13/../../../../lib64/crti.o
                0x000000000040121c                _fini
 .fini          0x0000000000401224        0x5 /usr/lib/gcc/x86_64-redhat-linux/13/../../../../lib64/crtn.o
                [!provide]                        PROVIDE (__etext = .)
                [!provide]                        PROVIDE (_etext = .)
                [!provide]                        PROVIDE (etext = .)
                0x0000000000402000                . = ALIGN (CONSTANT (MAXPAGESIZE))
                0x0000000000402000                . = SEGMENT_START ("rodata-segment", (ALIGN (CONSTANT (MAXPAGESIZE)) + (. & (CONSTANT (MAXPAGESIZE) - 0x1))))

.rodata         0x0000000000402000       0x10
 *(.rodata .rodata.* .gnu.linkonce.r.*)
 .rodata.cst4   0x0000000000402000        0x4 /usr/lib/gcc/x86_64-redhat-linux/13/../../../../lib64/crt1.o
                0x0000000000402000                _IO_stdin_used
 *fill*         0x0000000000402004        0x4 
 .rodata        0x0000000000402008        0x8 /usr/lib/gcc/x86_64-redhat-linux/13/crtbegin.o
                0x0000000000402008                __dso_handle

.rodata1
 *(.rodata1)

.eh_frame_hdr   0x0000000000402010       0x44
 *(.eh_frame_hdr)
 .eh_frame_hdr  0x0000000000402010       0x44 /usr/lib/gcc/x86_64-redhat-linux/13/../../../../lib64/crt1.o
                0x0000000000402010                __GNU_EH_FRAME_HDR
 *(.eh_frame_entry .eh_frame_entry.*)

.eh_frame       0x0000000000402058       0xec
 *(.eh_frame)
 .eh_frame      0x0000000000402058       0x40 /usr/lib/gcc/x86_64-redhat-linux/13/../../../../lib64/crt1.o
                                         0x5c (size before relaxing)
 *fill*         0x0000000000402098        0x0 
 .eh_frame      0x0000000000402098       0x28 /usr/lib/gcc/x86_64-redhat-linux/13/../../../../lib64/crt1.o
                                         0x40 (size before relaxing)
 .eh_frame      0x00000000004020c0        0x0 /usr/lib/gcc/x86_64-redhat-linux/13/../../../../lib64/crt1.o
 .eh_frame      0x00000000004020c0       0x80 list_template.o
                                         0x98 (size before relaxing)
 .eh_frame      0x0000000000402140        0x4 /usr/lib/gcc/x86_64-redhat-linux/13/crtend.o
 *(.eh_frame.*)

.gcc_except_table
 *(.gcc_except_table .gcc_except_table.*)

.gnu_extab
 *(.gnu_extab*)

.exception_ranges
 *(.exception_ranges*)
                0x0000000000403dc8                . = DATA_SEGMENT_ALIGN (CONSTANT (MAXPAGESIZE), CONSTANT (COMMONPAGESIZE))

.eh_frame
 *(.eh_frame)
 *(.eh_frame.*)

.gnu_extab
 *(.gnu_extab)

.gcc_except_table
 *(.gcc_except_table .gcc_except_table.*)

.exception_ranges
 *(.exception_ranges*)

.tdata          0x0000000000403dc8        0x0
                [!provide]                        PROVIDE (__tdata_start = .)
 *(.tdata .tdata.* .gnu.linkonce.td.*)

.tbss
 *(.tbss .tbss.* .gnu.linkonce.tb.*)
 *(.tcommon)

.preinit_array  0x0000000000403dc8        0x0
                [!provide]                        PROVIDE (__preinit_array_start = .)
 *(.preinit_array)
                [!provide]                        PROVIDE (__preinit_array_end = .)

.init_array     0x0000000000403dc8        0x8
                [!provide]                        PROVIDE (__init_array_start = .)
 *(SORT_BY_INIT_PRIORITY(.init_array.*) SORT_BY_INIT_PRIORITY(.ctors.*))
 *(.init_array EXCLUDE_FILE(*crtend?.o *crtend.o *crtbegin?.o *crtbegin.o) .ctors)
 .init_array    0x0000000000403dc8        0x8 /usr/lib/gcc/x86_64-redhat-linux/13/crtbegin.o
                [!provide]                        PROVIDE (__init_array_end = .)

.fini_array     0x0000000000403dd0        0x8
                [!provide]                        PROVIDE (__fini_array_start = .)
 *(SORT_BY_INIT_PRIORITY(.fini_array.*) SORT_BY_INIT_PRIORITY(.dtors.*))
 *(.fini_array EXCLUDE_FILE(*crtend?.o *crtend.o *crtbegin?.o *crtbegin.o) .dtors)
 .fini_array    0x0000000000403dd0        0x8 /usr/lib/gcc/x86_64-redhat-linux/13/crtbegin.o
                [!provide]                        PROVIDE (__fini_array_end = .)

.ctors
 *crtbegin.o(.ctors)
 *crtbegin?.o(.ctors)
 *(EXCLUDE_FILE(*crtend?.o *crtend.o) .ctors)
 *(SORT_BY_NAME(.ctors.*))
 *(.ctors)

.dtors
 *crtbegin.o(.dtors)
 *crtbegin?.o(.dtors)
 *(EXCLUDE_FILE(*crtend?.o *crtend.o) .dtors)
 *(SORT_BY_NAME(.dtors.*))
 *(.dtors)

.jcr
 *(.jcr)

.data.rel.ro    0x0000000000403dd8        0x0
 *(.data.rel.ro.local* .gnu.linkonce.d.rel.ro.local.*)
 *(.data.rel.ro .data.rel.ro.* .gnu.linkonce.d.rel.ro.*)
 .data.rel.ro   0x0000000000403dd8        0x0 /usr/lib/gcc/x86_64-redhat-linux/13/../../../../lib64/crt1.o

.dynamic        0x0000000000403dd8      0x200
 *(.dynamic)
 .dynamic       0x0000000000403dd8      0x200 /usr/lib/gcc/x86_64-redhat-linux/13/../../../../lib64/crt1.o
                0x0000000000403dd8                _DYNAMIC

.got            0x0000000000403fd8       0x10
 *(.got)
 .got           0x0000000000403fd8       0x10 /usr/lib/gcc/x86_64-redhat-linux/13/../../../../lib64/crt1.o
 *(.igot)
                0x0000000000403fe8                . = DATA_SEGMENT_RELRO_END (., (SIZEOF (.got.plt) >= 0x18)?0x18:0x0)

.got.plt        0x0000000000403fe8       0x20
 *(.got.plt)
 .got.plt       0x0000000000403fe8       0x20 /usr/lib/gcc/x86_64-redhat-linux/13/../../../../lib64/crt1.o
                0x0000000000403fe8                _GLOBAL_OFFSET_TABLE_
 *(.igot.plt)
 .igot.plt      0x0000000000404008        0x0 /usr/lib/gcc/x86_64-redhat-linux/13/../../../../lib64/crt1.o

.data           0x0000000000404008        0x4
 *(.data .data.* .gnu.linkonce.d.*)
 .data          0x0000000000404008        0x4 /usr/lib/gcc/x86_64-redhat-linux/13/../../../../lib64/crt1.o
                0x0000000000404008                data_start
                0x0000000000404008                __data_start
 .data          0x000000000040400c        0x0 /usr/lib/gcc/x86_64-redhat-linux/13/../../../../lib64/crti.o
 .data          0x000000000040400c        0x0 /usr/lib/gcc/x86_64-redhat-linux/13/crtbegin.o
 .data          0x000000000040400c        0x0 list_template.o
 .data          0x000000000040400c        0x0 /usr/lib/gcc/x86_64-redhat-linux/13/crtend.o
 .data          0x000000000040400c        0x0 /usr/lib/gcc/x86_64-redhat-linux/13/../../../../lib64/crtn.o

.tm_clone_table
                0x0000000000404010        0x0
 .tm_clone_table
                0x0000000000404010        0x0 /usr/lib/gcc/x86_64-redhat-linux/13/crtbegin.o
 .tm_clone_table
                0x0000000000404010        0x0 /usr/lib/gcc/x86_64-redhat-linux/13/crtend.o

.data1
 *(.data1)
                0x000000000040400c                _edata = .
                [!provide]                        PROVIDE (edata = .)
                0x0000000000404010                . = .
                0x000000000040400c                __bss_start = .

.bss            0x000000000040400c        0x4
 *(.dynbss)
 .dynbss        0x000000000040400c        0x0 /usr/lib/gcc/x86_64-redhat-linux/13/../../../../lib64/crt1.o
 *(.bss .bss.* .gnu.linkonce.b.*)
 .bss           0x000000000040400c        0x0 /usr/lib/gcc/x86_64-redhat-linux/13/../../../../lib64/crt1.o
 .bss           0x000000000040400c        0x0 /usr/lib/gcc/x86_64-redhat-linux/13/../../../../lib64/crti.o
 .bss           0x000000000040400c        0x1 /usr/lib/gcc/x86_64-redhat-linux/13/crtbegin.o
 .bss           0x000000000040400d        0x0 list_template.o
 .bss           0x000000000040400d        0x0 /usr/lib/gcc/x86_64-redhat-linux/13/crtend.o
 .bss           0x000000000040400d        0x0 /usr/lib/gcc/x86_64-redhat-linux/13/../../../../lib64/crtn.o
 *(COMMON)
                0x0000000000404010                . = ALIGN ((. != 0x0)?0x8:0x1)
 *fill*         0x000000000040400d        0x3 

.lbss
 *(.dynlbss)
 *(.lbss .lbss.* .gnu.linkonce.lb.*)
 *(LARGE_COMMON)
                0x0000000000404010                . = ALIGN (0x8)
                0x0000000000404010                . = SEGMENT_START ("ldata-segment", .)

.lrodata
 *(.lrodata .lrodata.* .gnu.linkonce.lr.*)

.ldata          0x0000000000406010        0x0
 *(.ldata .ldata.* .gnu.linkonce.l.*)
                0x0000000000406010                . = ALIGN ((. != 0x0)?0x8:0x1)
                0x0000000000406010                . = ALIGN (0x8)
                0x0000000000404010                _end = .
                [!provide]                        PROVIDE (end = .)
                0x0000000000406010                . = DATA_SEGMENT_END (.)

.stab
 *(.stab)

.stabstr
 *(.stabstr)

.stab.excl
 *(.stab.excl)

.stab.exclstr
 *(.stab.exclstr)

.stab.index
 *(.stab.index)

.stab.indexstr
 *(.stab.indexstr)

.comment        0x0000000000000000       0x2e
 *(.comment)
 .comment       0x0000000000000000       0x2e /usr/lib/gcc/x86_64-redhat-linux/13/../../../../lib64/crt1.o
                                         0x8d (size before relaxing)
 .comment       0x000000000000002e       0x2f /usr/lib/gcc/x86_64-redhat-linux/13/crtbegin.o
 .comment       0x000000000000002e       0x2f list_template.o
 .comment       0x000000000000002e       0x2f /usr/lib/gcc/x86_64-redhat-linux/13/crtend.o

.annobin.notes  0x0000000000000000      0x18f
 .annobin.notes
                0x0000000000000000      0x18f /usr/lib/gcc/x86_64-redhat-linux/13/../../../../lib64/crt1.o
                                        0x24c (size before relaxing)

.gnu.build.attributes
                0x0000000000406010      0x144
 *(.gnu.build.attributes .gnu.build.attributes.*)
 .gnu.build.attributes
                0x0000000000406010       0x24 /usr/lib/gcc/x86_64-redhat-linux/13/../../../../lib64/crt1.o
 .gnu.build.attributes
                0x0000000000406034       0x6c /usr/lib/gcc/x86_64-redhat-linux/13/../../../../lib64/crti.o
 .gnu.build.attributes
                0x00000000004060a0       0x24 /usr/lib/gcc/x86_64-redhat-linux/13/crtbegin.o
 .gnu.build.attributes
                0x00000000004060c4       0x24 /usr/lib/gcc/x86_64-redhat-linux/13/crtend.o
 .gnu.build.attributes
                0x00000000004060e8       0x6c /usr/lib/gcc/x86_64-redhat-linux/13/../../../../lib64/crtn.o

.debug
 *(.debug)

.line
 *(.line)

.debug_srcinfo
 *(.debug_srcinfo)

.debug_sfnames
 *(.debug_sfnames)

.debug_aranges
 *(.debug_aranges)

.debug_pubnames
 *(.debug_pubnames)

.debug_info
 *(.debug_info .gnu.linkonce.wi.*)

.debug_abbrev
 *(.debug_abbrev)

.debug_line
 *(.debug_line .debug_line.* .debug_line_end)

.debug_frame
 *(.debug_frame)

.debug_str
 *(.debug_str)

.debug_loc
 *(.debug_loc)

.debug_macinfo
 *(.debug_macinfo)

.debug_weaknames
 *(.debug_weaknames)

.debug_funcnames
 *(.debug_funcnames)

.debug_typenames
 *(.debug_typenames)

.debug_varnames
 *(.debug_varnames)

.debug_pubtypes
 *(.debug_pubtypes)

.debug_ranges
 *(.debug_ranges)

.debug_addr
 *(.debug_addr)

.debug_line_str
 *(.debug_line_str)

.debug_loclists
 *(.debug_loclists)

.debug_macro
 *(.debug_macro)

.debug_names
 *(.debug_names)

.debug_rnglists
 *(.debug_rnglists)

.debug_str_offsets
 *(.debug_str_offsets)

.debug_sup
 *(.debug_sup)

.gnu.attributes
 *(.gnu.attributes)

/DISCARD/
 *(.note.GNU-stack)
 *(.gnu_debuglink)
 *(.gnu.lto_*)
OUTPUT(list_template elf64-x86-64)
